Attaching to m1-localstack_setup-localstack_1, m1-localstack_localstack_1
setup-localstack_1  | still booting dynamodb
setup-localstack_1  | 
setup-localstack_1  | still booting dynamodb
setup-localstack_1  | 
setup-localstack_1  | still booting dynamodb
setup-localstack_1  | 
setup-localstack_1  | still booting dynamodb
setup-localstack_1  | 
setup-localstack_1  | still booting dynamodb
setup-localstack_1  | 
setup-localstack_1  | still booting dynamodb
setup-localstack_1  | 
setup-localstack_1  | still booting dynamodb
setup-localstack_1  | 
setup-localstack_1  | still booting dynamodb
setup-localstack_1  | 
setup-localstack_1  | still booting dynamodb
setup-localstack_1  | 
setup-localstack_1  | still booting dynamodb
setup-localstack_1  | 
setup-localstack_1  | still booting dynamodb
setup-localstack_1  | 
setup-localstack_1  | still booting dynamodb
setup-localstack_1  | 
setup-localstack_1  | still booting dynamodb
setup-localstack_1  | 
setup-localstack_1  | still booting dynamodb
setup-localstack_1  | 
setup-localstack_1  | still booting dynamodb
setup-localstack_1  | 
setup-localstack_1  | still booting dynamodb
setup-localstack_1  | 
setup-localstack_1  | still booting dynamodb
setup-localstack_1  | 
setup-localstack_1  | still booting dynamodb
setup-localstack_1  | 
setup-localstack_1  | still booting dynamodb
setup-localstack_1  | 
setup-localstack_1  | still booting dynamodb
setup-localstack_1  | 
setup-localstack_1  | still booting dynamodb
setup-localstack_1  | 
setup-localstack_1  | creating dd table
setup-localstack_1  | {
setup-localstack_1  |     "TableDescription": {
setup-localstack_1  |         "TableArn": "arn:aws:dynamodb:us-east-1:000000000000:table/inputs-custom", 
setup-localstack_1  |         "AttributeDefinitions": [
setup-localstack_1  |             {
setup-localstack_1  |                 "AttributeName": "data_type", 
setup-localstack_1  |                 "AttributeType": "S"
setup-localstack_1  |             }, 
setup-localstack_1  |             {
setup-localstack_1  |                 "AttributeName": "id", 
setup-localstack_1  |                 "AttributeType": "S"
setup-localstack_1  |             }, 
setup-localstack_1  |             {
setup-localstack_1  |                 "AttributeName": "company_id", 
setup-localstack_1  |                 "AttributeType": "S"
setup-localstack_1  |             }
setup-localstack_1  |         ], 
setup-localstack_1  |         "GlobalSecondaryIndexes": [
setup-localstack_1  |             {
setup-localstack_1  |                 "IndexSizeBytes": 0, 
setup-localstack_1  |                 "IndexName": "operation_id_index", 
setup-localstack_1  |                 "Projection": {
setup-localstack_1  |                     "ProjectionType": "ALL"
setup-localstack_1  |                 }, 
setup-localstack_1  |                 "ProvisionedThroughput": {
setup-localstack_1  |                     "WriteCapacityUnits": 10, 
setup-localstack_1  |                     "ReadCapacityUnits": 10
setup-localstack_1  |                 }, 
setup-localstack_1  |                 "IndexStatus": "ACTIVE", 
setup-localstack_1  |                 "KeySchema": [
setup-localstack_1  |                     {
setup-localstack_1  |                         "KeyType": "HASH", 
setup-localstack_1  |                         "AttributeName": "company_id"
setup-localstack_1  |                     }, 
setup-localstack_1  |                     {
setup-localstack_1  |                         "KeyType": "RANGE", 
setup-localstack_1  |                         "AttributeName": "data_type"
setup-localstack_1  |                     }
setup-localstack_1  |                 ], 
setup-localstack_1  |                 "IndexArn": "arn:aws:dynamodb:ddblocal:000000000000:table/inputs-custom/index/operation_id_index", 
setup-localstack_1  |                 "ItemCount": 0
setup-localstack_1  |             }
setup-localstack_1  |         ], 
setup-localstack_1  |         "ProvisionedThroughput": {
setup-localstack_1  |             "NumberOfDecreasesToday": 0, 
setup-localstack_1  |             "WriteCapacityUnits": 10, 
setup-localstack_1  |             "LastIncreaseDateTime": 0.0, 
setup-localstack_1  |             "ReadCapacityUnits": 10, 
setup-localstack_1  |             "LastDecreaseDateTime": 0.0
setup-localstack_1  |         }, 
setup-localstack_1  |         "TableSizeBytes": 0, 
setup-localstack_1  |         "TableName": "inputs-custom", 
setup-localstack_1  |         "TableStatus": "ACTIVE", 
setup-localstack_1  |         "KeySchema": [
setup-localstack_1  |             {
setup-localstack_1  |                 "KeyType": "HASH", 
setup-localstack_1  |                 "AttributeName": "id"
setup-localstack_1  |             }
setup-localstack_1  |         ], 
setup-localstack_1  |         "ItemCount": 0, 
setup-localstack_1  |         "CreationDateTime": 1611594830.479
setup-localstack_1  |     }
setup-localstack_1  | }
setup-localstack_1  | waiting for dd table
setup-localstack_1  | dd table exists
setup-localstack_1  | {
setup-localstack_1  |     "DomainStatus": {
setup-localstack_1  |         "ElasticsearchClusterConfig": {
setup-localstack_1  |             "DedicatedMasterEnabled": true, 
setup-localstack_1  |             "InstanceCount": 1, 
setup-localstack_1  |             "ZoneAwarenessEnabled": false, 
setup-localstack_1  |             "DedicatedMasterType": "m3.medium.elasticsearch", 
setup-localstack_1  |             "InstanceType": "m3.medium.elasticsearch", 
setup-localstack_1  |             "DedicatedMasterCount": 1
setup-localstack_1  |         }, 
setup-localstack_1  |         "Endpoint": "http://localhost:4571", 
setup-localstack_1  |         "Created": false, 
setup-localstack_1  |         "Deleted": false, 
setup-localstack_1  |         "DomainName": "elasticsearch-1", 
setup-localstack_1  |         "EBSOptions": {
setup-localstack_1  |             "Iops": 0, 
setup-localstack_1  |             "VolumeSize": 10, 
setup-localstack_1  |             "VolumeType": "gp2", 
setup-localstack_1  |             "EBSEnabled": true
setup-localstack_1  |         }, 
setup-localstack_1  |         "DomainId": "000000000000/elasticsearch-1", 
setup-localstack_1  |         "Processing": false, 
setup-localstack_1  |         "ElasticsearchVersion": "7.1", 
setup-localstack_1  |         "ARN": "arn:aws:es:us-east-1:000000000000:domain/elasticsearch-1"
setup-localstack_1  |     }
setup-localstack_1  | }
setup-localstack_1  | still creating es
setup-localstack_1  | 0
setup-localstack_1  | false
setup-localstack_1  | still creating es
setup-localstack_1  | 0
setup-localstack_1  | false
setup-localstack_1  | still creating es
setup-localstack_1  | 0
setup-localstack_1  | false
setup-localstack_1  | still creating es
setup-localstack_1  | 0
setup-localstack_1  | false
setup-localstack_1  | still creating es
setup-localstack_1  | 0
setup-localstack_1  | false
setup-localstack_1  | still creating es
setup-localstack_1  | 0
setup-localstack_1  | false
setup-localstack_1  | still creating es
setup-localstack_1  | 0
setup-localstack_1  | false
setup-localstack_1  | still creating es
setup-localstack_1  | 0
setup-localstack_1  | false
setup-localstack_1  | still creating es
setup-localstack_1  | 0
setup-localstack_1  | false
setup-localstack_1  | still creating es
setup-localstack_1  | 0
setup-localstack_1  | false
setup-localstack_1  | still creating es
setup-localstack_1  | 0
setup-localstack_1  | false
setup-localstack_1  | still creating es
setup-localstack_1  | 0
setup-localstack_1  | false
setup-localstack_1  | still creating es
setup-localstack_1  | 0
setup-localstack_1  | false
setup-localstack_1  | still creating es
setup-localstack_1  | 0
setup-localstack_1  | false
setup-localstack_1  | still creating es
setup-localstack_1  | 0
setup-localstack_1  | false
setup-localstack_1  | still creating es
setup-localstack_1  | 0
setup-localstack_1  | false
setup-localstack_1  | still creating es
setup-localstack_1  | 0
setup-localstack_1  | false
setup-localstack_1  | still creating es
setup-localstack_1  | 0
setup-localstack_1  | false
setup-localstack_1  | still creating es
setup-localstack_1  | 0
setup-localstack_1  | false
setup-localstack_1  | still creating es
setup-localstack_1  | 0
setup-localstack_1  | false
setup-localstack_1  | still creating es
setup-localstack_1  | 0
setup-localstack_1  | false
setup-localstack_1  | still creating es
setup-localstack_1  | 0
setup-localstack_1  | false
setup-localstack_1  | still creating es
setup-localstack_1  | 0
setup-localstack_1  | false
setup-localstack_1  | still creating es
setup-localstack_1  | 0
setup-localstack_1  | false
setup-localstack_1  | still creating es
setup-localstack_1  | 0
setup-localstack_1  | false
setup-localstack_1  | still creating es
setup-localstack_1  | 0
setup-localstack_1  | false
setup-localstack_1  | still creating es
setup-localstack_1  | 0
setup-localstack_1  | false
setup-localstack_1  | still creating es
setup-localstack_1  | 0
setup-localstack_1  | false
setup-localstack_1  | still creating es
setup-localstack_1  | 0
setup-localstack_1  | false
setup-localstack_1  | still creating es
setup-localstack_1  | 0
setup-localstack_1  | false
setup-localstack_1  | still creating es
setup-localstack_1  | 0
setup-localstack_1  | false
setup-localstack_1  | still creating es
setup-localstack_1  | 0
setup-localstack_1  | false
setup-localstack_1  | still creating es
setup-localstack_1  | 0
setup-localstack_1  | false
setup-localstack_1  | still creating es
setup-localstack_1  | 0
setup-localstack_1  | false
setup-localstack_1  | still creating es
setup-localstack_1  | 0
setup-localstack_1  | false
setup-localstack_1  | still creating es
setup-localstack_1  | 0
setup-localstack_1  | false
setup-localstack_1  | still creating es
setup-localstack_1  | 0
setup-localstack_1  | false
setup-localstack_1  | still creating es
setup-localstack_1  | 0
setup-localstack_1  | false
setup-localstack_1  | still creating es
setup-localstack_1  | 0
setup-localstack_1  | false
setup-localstack_1  | still creating es
setup-localstack_1  | 0
setup-localstack_1  | false
setup-localstack_1  | still creating es
setup-localstack_1  | 0
setup-localstack_1  | false
setup-localstack_1  | still creating es
setup-localstack_1  | 0
setup-localstack_1  | false
setup-localstack_1  | still creating es
setup-localstack_1  | 0
setup-localstack_1  | false
setup-localstack_1  | still creating es
setup-localstack_1  | 0
setup-localstack_1  | false
setup-localstack_1  | still creating es
setup-localstack_1  | 0
setup-localstack_1  | false
setup-localstack_1  | still creating es
setup-localstack_1  | 0
setup-localstack_1  | false
setup-localstack_1  | still creating es
setup-localstack_1  | 0
setup-localstack_1  | false
setup-localstack_1  | still creating es
setup-localstack_1  | 0
setup-localstack_1  | false
setup-localstack_1  | still creating es
setup-localstack_1  | 0
setup-localstack_1  | false
setup-localstack_1  | still creating es
setup-localstack_1  | 0
setup-localstack_1  | false
setup-localstack_1  | still creating es
setup-localstack_1  | 0
setup-localstack_1  | false
setup-localstack_1  | still creating es
localstack_1        | Waiting for all LocalStack services to be ready
localstack_1        | Waiting for all LocalStack services to be ready
localstack_1        | 2021-01-25 17:13:16,582 CRIT Supervisor is running as root.  Privileges were not dropped because no user is specified in the config file.  If you intend to run as root, you can set user=root in the config file to avoid this message.
localstack_1        | 2021-01-25 17:13:16,590 INFO supervisord started with pid 29
localstack_1        | 2021-01-25 17:13:17,609 INFO spawned: 'dashboard' with pid 46
localstack_1        | 2021-01-25 17:13:17,617 INFO spawned: 'infra' with pid 48
localstack_1        | 2021-01-25 17:13:17,694 INFO success: dashboard entered RUNNING state, process has stayed up for > than 0 seconds (startsecs)
localstack_1        | (. .venv/bin/activate; bin/localstack web)
localstack_1        | (. .venv/bin/activate; exec bin/localstack start --host)
localstack_1        | 2021-01-25 17:13:18,696 INFO success: infra entered RUNNING state, process has stayed up for > than 1 seconds (startsecs)
localstack_1        | Waiting for all LocalStack services to be ready
localstack_1        | LocalStack version: 0.12.5
localstack_1        | Starting local dev environment. CTRL-C to quit.
localstack_1        | LocalStack version: 0.12.5
localstack_1        | Waiting for all LocalStack services to be ready
localstack_1        | 2021-01-25T17:13:34:DEBUG:bootstrap.py: Loading plugins - scope "services", module "localstack": <function register_localstack_plugins at 0x40049c1820>
localstack_1        | 2021-01-25T17:13:36:INFO:localstack.utils.analytics.profiler: Execution of "load_plugin_from_path" took 1299.103021621704ms
localstack_1        | 2021-01-25T17:13:36:INFO:localstack.utils.analytics.profiler: Execution of "load_plugins" took 1300.1699447631836ms
localstack_1        | [2021-01-25 17:13:36 +0000] [56] [INFO] Running on https://0.0.0.0:8081 (CTRL + C to quit)
localstack_1        | 2021-01-25T17:13:36:INFO:hypercorn.error: Running on https://0.0.0.0:8081 (CTRL + C to quit)
localstack_1        | 2021-01-25T17:13:36:INFO:localstack.utils.analytics.profiler: Execution of "load_plugin_from_path" took 1339.0488624572754ms
localstack_1        | 2021-01-25T17:13:36:INFO:localstack.utils.analytics.profiler: Execution of "load_plugins" took 1340.043067932129ms
localstack_1        | Waiting for all LocalStack services to be ready
localstack_1        | Starting edge router (https port 4566)...
localstack_1        | Starting mock DynamoDB service on http port 4566 ...
localstack_1        | Starting mock DynamoDB Streams service on http port 4566 ...
localstack_1        | Starting mock ES service on http port 4566 ...
localstack_1        | Starting mock Kinesis service on http port 4566 ...
localstack_1        | [2021-01-25 17:13:36 +0000] [55] [INFO] Running on https://0.0.0.0:4566 (CTRL + C to quit)
localstack_1        | 2021-01-25T17:13:36:INFO:hypercorn.error: Running on https://0.0.0.0:4566 (CTRL + C to quit)
localstack_1        | Listening at http://:::46491
localstack_1        | Initializing DynamoDB Local with the following configuration:
localstack_1        | Port:	43361
localstack_1        | InMemory:	true
localstack_1        | DbPath:	null
localstack_1        | SharedDb:	true
localstack_1        | shouldDelayTransientStatuses:	false
localstack_1        | CorsParams:	*
localstack_1        | 
localstack_1        | Waiting for all LocalStack services to be ready
localstack_1        | Ready.
localstack_1        | 2021-01-25T17:13:46:INFO:localstack.utils.analytics.profiler: Execution of "start_api_services" took 9670.021057128906ms
localstack_1        | 2021-01-25T17:13:53:DEBUG:localstack.services.es.es_starter: Starting local Elasticsearch (http port 4571)
localstack_1        | [2021-01-25 17:14:14 +0000] [55] [INFO] Running on http://0.0.0.0:4571 (CTRL + C to quit)
localstack_1        | 2021-01-25T17:14:14:INFO:hypercorn.error: Running on http://0.0.0.0:4571 (CTRL + C to quit)
localstack_1        | 2021-01-25T17:14:55:ERROR:localstack.services.plugins: Error checking state of local environment (after some retries): Traceback (most recent call last):
localstack_1        |   File "/opt/code/localstack/localstack/services/plugins.py", line 99, in check_infra
localstack_1        |     additional(expect_shutdown=expect_shutdown)
localstack_1        |   File "/opt/code/localstack/localstack/services/es/es_starter.py", line 97, in check_elasticsearch
localstack_1        |     assert isinstance(out, six.string_types)
localstack_1        | AssertionError
localstack_1        | 
localstack_1        | During handling of the above exception, another exception occurred:
localstack_1        | 
localstack_1        | Traceback (most recent call last):
localstack_1        |   File "/opt/code/localstack/localstack/services/plugins.py", line 99, in check_infra
localstack_1        |     additional(expect_shutdown=expect_shutdown)
localstack_1        |   File "/opt/code/localstack/localstack/services/es/es_starter.py", line 97, in check_elasticsearch
localstack_1        |     assert isinstance(out, six.string_types)
localstack_1        | AssertionError
localstack_1        | 
localstack_1        | During handling of the above exception, another exception occurred:
localstack_1        | 
localstack_1        | Traceback (most recent call last):
localstack_1        |   File "/opt/code/localstack/localstack/services/plugins.py", line 99, in check_infra
localstack_1        |     additional(expect_shutdown=expect_shutdown)
localstack_1        |   File "/opt/code/localstack/localstack/services/es/es_starter.py", line 97, in check_elasticsearch
localstack_1        |     assert isinstance(out, six.string_types)
localstack_1        | AssertionError
localstack_1        | 
localstack_1        | During handling of the above exception, another exception occurred:
localstack_1        | 
localstack_1        | Traceback (most recent call last):
localstack_1        |   File "/opt/code/localstack/localstack/services/plugins.py", line 99, in check_infra
localstack_1        |     additional(expect_shutdown=expect_shutdown)
localstack_1        |   File "/opt/code/localstack/localstack/services/es/es_starter.py", line 97, in check_elasticsearch
localstack_1        |     assert isinstance(out, six.string_types)
localstack_1        | AssertionError
localstack_1        | 
localstack_1        | During handling of the above exception, another exception occurred:
localstack_1        | 
localstack_1        | Traceback (most recent call last):
localstack_1        |   File "/opt/code/localstack/localstack/services/plugins.py", line 99, in check_infra
localstack_1        |     additional(expect_shutdown=expect_shutdown)
localstack_1        |   File "/opt/code/localstack/localstack/services/es/es_starter.py", line 97, in check_elasticsearch
localstack_1        |     assert isinstance(out, six.string_types)
localstack_1        | AssertionError
localstack_1        | 
localstack_1        | During handling of the above exception, another exception occurred:
localstack_1        | 
localstack_1        | Traceback (most recent call last):
localstack_1        |   File "/opt/code/localstack/localstack/services/plugins.py", line 99, in check_infra
localstack_1        |     additional(expect_shutdown=expect_shutdown)
localstack_1        |   File "/opt/code/localstack/localstack/services/es/es_starter.py", line 97, in check_elasticsearch
localstack_1        |     assert isinstance(out, six.string_types)
localstack_1        | AssertionError
localstack_1        | 
localstack_1        | During handling of the above exception, another exception occurred:
localstack_1        | 
localstack_1        | Traceback (most recent call last):
localstack_1        |   File "/opt/code/localstack/localstack/services/plugins.py", line 99, in check_infra
localstack_1        |     additional(expect_shutdown=expect_shutdown)
localstack_1        |   File "/opt/code/localstack/localstack/services/es/es_starter.py", line 97, in check_elasticsearch
localstack_1        |     assert isinstance(out, six.string_types)
localstack_1        | AssertionError
localstack_1        | 
localstack_1        | During handling of the above exception, another exception occurred:
localstack_1        | 
localstack_1        | Traceback (most recent call last):
localstack_1        |   File "/opt/code/localstack/localstack/services/plugins.py", line 99, in check_infra
localstack_1        |     additional(expect_shutdown=expect_shutdown)
localstack_1        |   File "/opt/code/localstack/localstack/services/es/es_starter.py", line 97, in check_elasticsearch
localstack_1        |     assert isinstance(out, six.string_types)
localstack_1        | AssertionError
localstack_1        | 
localstack_1        | During handling of the above exception, another exception occurred:
localstack_1        | 
localstack_1        | Traceback (most recent call last):
localstack_1        |   File "/opt/code/localstack/localstack/services/plugins.py", line 99, in check_infra
localstack_1        |     additional(expect_shutdown=expect_shutdown)
localstack_1        |   File "/opt/code/localstack/localstack/services/es/es_starter.py", line 97, in check_elasticsearch
localstack_1        |     assert isinstance(out, six.string_types)
localstack_1        | AssertionError
localstack_1        | 
localstack_1        | During handling of the above exception, another exception occurred:
localstack_1        | 
localstack_1        | Traceback (most recent call last):
localstack_1        |   File "/opt/code/localstack/localstack/services/plugins.py", line 99, in check_infra
localstack_1        |     additional(expect_shutdown=expect_shutdown)
localstack_1        |   File "/opt/code/localstack/localstack/services/es/es_starter.py", line 97, in check_elasticsearch
localstack_1        |     assert isinstance(out, six.string_types)
localstack_1        | AssertionError
localstack_1        | 
localstack_1        | During handling of the above exception, another exception occurred:
localstack_1        | 
localstack_1        | Traceback (most recent call last):
localstack_1        |   File "/opt/code/localstack/localstack/services/plugins.py", line 99, in check_infra
localstack_1        |     additional(expect_shutdown=expect_shutdown)
localstack_1        |   File "/opt/code/localstack/localstack/services/es/es_starter.py", line 97, in check_elasticsearch
localstack_1        |     assert isinstance(out, six.string_types)
localstack_1        | AssertionError
localstack_1        | 
localstack_1        | 2021-01-25T17:14:55:WARNING:bootstrap.py: Thread run method <function create_domain.<locals>.do_start at 0x4016476280>(None) failed:  Traceback (most recent call last):
localstack_1        |   File "/opt/code/localstack/localstack/services/plugins.py", line 99, in check_infra
localstack_1        |     additional(expect_shutdown=expect_shutdown)
localstack_1        |   File "/opt/code/localstack/localstack/services/es/es_starter.py", line 97, in check_elasticsearch
localstack_1        |     assert isinstance(out, six.string_types)
localstack_1        | AssertionError
localstack_1        | 
localstack_1        | During handling of the above exception, another exception occurred:
localstack_1        | 
localstack_1        | Traceback (most recent call last):
localstack_1        |   File "/opt/code/localstack/localstack/services/plugins.py", line 99, in check_infra
localstack_1        |     additional(expect_shutdown=expect_shutdown)
localstack_1        |   File "/opt/code/localstack/localstack/services/es/es_starter.py", line 97, in check_elasticsearch
localstack_1        |     assert isinstance(out, six.string_types)
localstack_1        | AssertionError
localstack_1        | 
localstack_1        | During handling of the above exception, another exception occurred:
setup-localstack_1  | 0
setup-localstack_1  | false
setup-localstack_1  | still creating es
setup-localstack_1  | 0
setup-localstack_1  | false
setup-localstack_1  | still creating es
setup-localstack_1  | 0
setup-localstack_1  | false
setup-localstack_1  | still creating es
setup-localstack_1  | 0
setup-localstack_1  | false
setup-localstack_1  | still creating es
setup-localstack_1  | 0
setup-localstack_1  | false
setup-localstack_1  | still creating es
setup-localstack_1  | 0
setup-localstack_1  | false
setup-localstack_1  | still creating es
setup-localstack_1  | 0
setup-localstack_1  | false
setup-localstack_1  | still creating es
setup-localstack_1  | 0
setup-localstack_1  | false
setup-localstack_1  | still creating es
setup-localstack_1  | 0
setup-localstack_1  | false
setup-localstack_1  | still creating es
setup-localstack_1  | 0
setup-localstack_1  | false
setup-localstack_1  | still creating es
setup-localstack_1  | 0
setup-localstack_1  | false
setup-localstack_1  | still creating es
setup-localstack_1  | 0
setup-localstack_1  | false
setup-localstack_1  | still creating es
setup-localstack_1  | 0
setup-localstack_1  | false
setup-localstack_1  | still creating es
setup-localstack_1  | 0
setup-localstack_1  | false
setup-localstack_1  | still creating es
setup-localstack_1  | 0
setup-localstack_1  | false
setup-localstack_1  | still creating es
setup-localstack_1  | 0
setup-localstack_1  | false
setup-localstack_1  | still creating es
setup-localstack_1  | 0
setup-localstack_1  | false
setup-localstack_1  | still creating es
setup-localstack_1  | 0
setup-localstack_1  | false
setup-localstack_1  | still creating es
setup-localstack_1  | 0
setup-localstack_1  | false
setup-localstack_1  | still creating es
setup-localstack_1  | 0
setup-localstack_1  | false
setup-localstack_1  | still creating es
setup-localstack_1  | 0
setup-localstack_1  | false
setup-localstack_1  | still creating es
setup-localstack_1  | 0
setup-localstack_1  | false
setup-localstack_1  | still creating es
setup-localstack_1  | 0
setup-localstack_1  | false
setup-localstack_1  | still creating es
setup-localstack_1  | 0
setup-localstack_1  | false
setup-localstack_1  | still creating es
setup-localstack_1  | 0
setup-localstack_1  | false
setup-localstack_1  | still creating es
setup-localstack_1  | 0
setup-localstack_1  | false
setup-localstack_1  | still creating es
setup-localstack_1  | 0
setup-localstack_1  | false
setup-localstack_1  | still creating es
setup-localstack_1  | 0
setup-localstack_1  | false
setup-localstack_1  | still creating es
setup-localstack_1  | 0
setup-localstack_1  | false
setup-localstack_1  | still creating es
setup-localstack_1  | 0
setup-localstack_1  | false
setup-localstack_1  | still creating es
setup-localstack_1  | 0
localstack_1        | 
localstack_1        | Traceback (most recent call last):
localstack_1        |   File "/opt/code/localstack/localstack/services/plugins.py", line 99, in check_infra
localstack_1        |     additional(expect_shutdown=expect_shutdown)
localstack_1        |   File "/opt/code/localstack/localstack/services/es/es_starter.py", line 97, in check_elasticsearch
localstack_1        |     assert isinstance(out, six.string_types)
localstack_1        | AssertionError
localstack_1        | 
localstack_1        | During handling of the above exception, another exception occurred:
localstack_1        | 
localstack_1        | Traceback (most recent call last):
localstack_1        |   File "/opt/code/localstack/localstack/services/plugins.py", line 99, in check_infra
localstack_1        |     additional(expect_shutdown=expect_shutdown)
localstack_1        |   File "/opt/code/localstack/localstack/services/es/es_starter.py", line 97, in check_elasticsearch
localstack_1        |     assert isinstance(out, six.string_types)
localstack_1        | AssertionError
localstack_1        | 
localstack_1        | During handling of the above exception, another exception occurred:
localstack_1        | 
localstack_1        | Traceback (most recent call last):
localstack_1        |   File "/opt/code/localstack/localstack/services/plugins.py", line 99, in check_infra
localstack_1        |     additional(expect_shutdown=expect_shutdown)
localstack_1        |   File "/opt/code/localstack/localstack/services/es/es_starter.py", line 97, in check_elasticsearch
localstack_1        |     assert isinstance(out, six.string_types)
localstack_1        | AssertionError
localstack_1        | 
localstack_1        | During handling of the above exception, another exception occurred:
localstack_1        | 
localstack_1        | Traceback (most recent call last):
localstack_1        |   File "/opt/code/localstack/localstack/services/plugins.py", line 99, in check_infra
localstack_1        |     additional(expect_shutdown=expect_shutdown)
localstack_1        |   File "/opt/code/localstack/localstack/services/es/es_starter.py", line 97, in check_elasticsearch
localstack_1        |     assert isinstance(out, six.string_types)
localstack_1        | AssertionError
localstack_1        | 
localstack_1        | During handling of the above exception, another exception occurred:
localstack_1        | 
setup-localstack_1  | false
setup-localstack_1  | still creating es
setup-localstack_1  | 0
setup-localstack_1  | false
setup-localstack_1  | still creating es
setup-localstack_1  | 0
setup-localstack_1  | false
setup-localstack_1  | still creating es
setup-localstack_1  | 0
setup-localstack_1  | false
setup-localstack_1  | still creating es
setup-localstack_1  | 0
setup-localstack_1  | false
setup-localstack_1  | still creating es
setup-localstack_1  | 0
setup-localstack_1  | false
setup-localstack_1  | still creating es
setup-localstack_1  | 0
setup-localstack_1  | false
setup-localstack_1  | still creating es
setup-localstack_1  | 0
setup-localstack_1  | false
setup-localstack_1  | still creating es
setup-localstack_1  | 0
setup-localstack_1  | false
setup-localstack_1  | still creating es
setup-localstack_1  | 0
setup-localstack_1  | false
setup-localstack_1  | still creating es
setup-localstack_1  | 0
setup-localstack_1  | false
setup-localstack_1  | still creating es
setup-localstack_1  | 0
setup-localstack_1  | false
setup-localstack_1  | still creating es
setup-localstack_1  | 0
setup-localstack_1  | false
setup-localstack_1  | still creating es
setup-localstack_1  | 0
setup-localstack_1  | false
setup-localstack_1  | still creating es
setup-localstack_1  | 0
setup-localstack_1  | false
setup-localstack_1  | still creating es
setup-localstack_1  | 0
setup-localstack_1  | false
setup-localstack_1  | still creating es
setup-localstack_1  | 0
setup-localstack_1  | false
setup-localstack_1  | still creating es
setup-localstack_1  | 0
setup-localstack_1  | false
setup-localstack_1  | still creating es
setup-localstack_1  | 0
setup-localstack_1  | false
setup-localstack_1  | still creating es
setup-localstack_1  | 0
setup-localstack_1  | false
setup-localstack_1  | still creating es
setup-localstack_1  | 0
setup-localstack_1  | false
setup-localstack_1  | still creating es
setup-localstack_1  | 0
setup-localstack_1  | false
localstack_1        | Traceback (most recent call last):
localstack_1        |   File "/opt/code/localstack/localstack/services/plugins.py", line 99, in check_infra
localstack_1        |     additional(expect_shutdown=expect_shutdown)
localstack_1        |   File "/opt/code/localstack/localstack/services/es/es_starter.py", line 97, in check_elasticsearch
localstack_1        |     assert isinstance(out, six.string_types)
localstack_1        | AssertionError
localstack_1        | 
localstack_1        | During handling of the above exception, another exception occurred:
localstack_1        | 
localstack_1        | Traceback (most recent call last):
localstack_1        |   File "/opt/code/localstack/localstack/services/plugins.py", line 99, in check_infra
localstack_1        |     additional(expect_shutdown=expect_shutdown)
localstack_1        |   File "/opt/code/localstack/localstack/services/es/es_starter.py", line 97, in check_elasticsearch
localstack_1        |     assert isinstance(out, six.string_types)
localstack_1        | AssertionError
localstack_1        | 
localstack_1        | During handling of the above exception, another exception occurred:
localstack_1        | 
localstack_1        | Traceback (most recent call last):
localstack_1        |   File "/opt/code/localstack/localstack/services/plugins.py", line 99, in check_infra
localstack_1        |     additional(expect_shutdown=expect_shutdown)
localstack_1        |   File "/opt/code/localstack/localstack/services/es/es_starter.py", line 97, in check_elasticsearch
localstack_1        |     assert isinstance(out, six.string_types)
localstack_1        | AssertionError
localstack_1        | 
localstack_1        | During handling of the above exception, another exception occurred:
localstack_1        | 
localstack_1        | Traceback (most recent call last):
localstack_1        |   File "/opt/code/localstack/localstack/services/plugins.py", line 99, in check_infra
localstack_1        |     additional(expect_shutdown=expect_shutdown)
localstack_1        |   File "/opt/code/localstack/localstack/services/es/es_starter.py", line 97, in check_elasticsearch
localstack_1        |     assert isinstance(out, six.string_types)
localstack_1        | AssertionError
localstack_1        | 
localstack_1        | During handling of the above exception, another exception occurred:
localstack_1        | 
localstack_1        | Traceback (most recent call last):
localstack_1        |   File "/opt/code/localstack/localstack/utils/bootstrap.py", line 581, in run
localstack_1        |     result = self.func(self.params)
localstack_1        |   File "/opt/code/localstack/localstack/services/es/es_api.py", line 229, in do_start
localstack_1        |     start_elasticsearch_instance(version=version)
localstack_1        |   File "/opt/code/localstack/localstack/services/es/es_api.py", line 199, in start_elasticsearch_instance
localstack_1        |     check_infra(apis=[], additional_checks=[es_starter.check_elasticsearch])
localstack_1        |   File "/opt/code/localstack/localstack/services/plugins.py", line 105, in check_infra
localstack_1        |     check_infra(retries - 1, expect_shutdown=expect_shutdown, apis=apis, additional_checks=additional_checks)
localstack_1        |   File "/opt/code/localstack/localstack/services/plugins.py", line 105, in check_infra
localstack_1        |     check_infra(retries - 1, expect_shutdown=expect_shutdown, apis=apis, additional_checks=additional_checks)
localstack_1        |   File "/opt/code/localstack/localstack/services/plugins.py", line 105, in check_infra
localstack_1        |     check_infra(retries - 1, expect_shutdown=expect_shutdown, apis=apis, additional_checks=additional_checks)
localstack_1        |   [Previous line repeated 7 more times]
localstack_1        |   File "/opt/code/localstack/localstack/services/plugins.py", line 103, in check_infra
localstack_1        |     raise e
localstack_1        |   File "/opt/code/localstack/localstack/services/plugins.py", line 99, in check_infra
localstack_1        |     additional(expect_shutdown=expect_shutdown)
localstack_1        |   File "/opt/code/localstack/localstack/services/es/es_starter.py", line 97, in check_elasticsearch
localstack_1        |     assert isinstance(out, six.string_types)
localstack_1        | AssertionError
localstack_1        | 
